== model aeg_dl0 exit 0
== model aeg_koff exit 0
== model cap_selftest exit 0
== model dsp_basic exit 0
== model dsp_mem exit 0
== model dsp_mem2 exit 0
== model dsp_mem3 exit 0
== model dsp_pack exit 0
== model dsp_temp exit 0
== model dsp_unpack exit 0
== model eg_kprobe exit 0
== model eg_lock exit 0
== model feg_koffatt exit 0
== model feg_koffdir exit 0
== model feg_krs exit 0
== model feg_probe exit 0
== model feg_track exit 0
== model filt_coef exit 0
== model filt_cyc exit 0
== model filt_edges exit 0
== model filt_frac exit 0
== model filt_id exit 0
== model filt_id2 exit 0
== model filt_imp exit 0
== model filt_low exit 0
== model filt_overflow exit 0
== model filt_overflow_check exit 0
== model filt_pass exit 0
== model filt_probe exit 0
== model filt_reset exit 0
== model filt_top exit 0
== model filt_voff exit 0
== model filt_wide exit 0
== model probe exit 0
== model sgc_aeg exit 0
== model sgc_formats exit 0
== model sgc_keys exit 0
== model sgc_krs exit 0
== model sgc_level exit 0
== model sgc_lfo exit 0
== model sgc_lfo2 exit 0
== model sgc_loop exit 0
== model sgc_mix exit 0
== model sgc_pitch exit 0
== model slot_tail exit 0
== model timer_probe exit 0
run_model exit 0
