feg_odd replay: n 11264 n_first 533 onset 139 (MDEC_CT 00d4 even) K 6491 key-off 6772; MIXS2 mismatches 140 (first 139, last 284: the console's inherited filter state, model starts from 0), MIXS3 mismatches 0 (first -1)
  t 11263 MDEC_CT d560 EVEN MIXS2 -108498 | AEG a 000 rel off 0 enabled 1 CA   303 | FEG v 1bff rel | low 54249 band 61771  <- capture end
  FEG of slot 2 (release from FLV3 0x1A00 toward FLV4 0x1C00 at R 45) reached its hold value 0x1BFF at capture sample 8409
after 4410 more samples (100.0 ms):
  t 15673 MDEC_CT c426 EVEN MIXS2  -38356 | AEG a 000 rel off 0 enabled 1 CA  6918 | FEG v 1bff rel | low 19178 band 80638  <- just before the quiet writes
quiet sequence (exact aica_quiet): reg 0x00 := 0 (SA -> 0, LPCTL -> 0), reg 0x14 := 0x1F on all slots, 0 samples, KYONEX; then 1000 samples:
  t     0 MDEC_CT c425 odd  MIXS2  -78574 | AEG a 000 rel off 0 enabled 1 CA  6920 | FEG v 1bff rel | low 39287 band 80590
  t    50 MDEC_CT c3f3 odd  MIXS2     120 | AEG a 0c8 rel off 0 enabled 1 CA  6995 | FEG v 1bff rel | low -60 band 83
  t   100 MDEC_CT c3c1 odd  MIXS2       6 | AEG a 190 rel off 0 enabled 1 CA  7070 | FEG v 1bff rel | low -3 band -1
  t   150 MDEC_CT c38f odd  MIXS2       6 | AEG a 258 rel off 0 enabled 1 CA  7145 | FEG v 1bff rel | low -3 band -1
  t   200 MDEC_CT c35d odd  MIXS2       6 | AEG a 320 rel off 0 enabled 1 CA  7220 | FEG v 1bff rel | low -3 band -1
  t   250 MDEC_CT c32b odd  MIXS2       6 | AEG a 3e8 rel off 0 enabled 1 CA  7295 | FEG v 1bff rel | low -3 band -1
  t   255 MDEC_CT c326 EVEN MIXS2       6 | AEG a 3ff rel off 1 enabled 0 CA     0 | FEG v 1bff rel | low -3 band -1  <- slot 2 stops here
  t   300 MDEC_CT c2f9 odd  MIXS2       6 | AEG a 3ff rel off 1 enabled 0 CA     0 | FEG v 1bff rel | low -3 band -1
  t   350 MDEC_CT c2c7 odd  MIXS2       6 | AEG a 3ff rel off 1 enabled 0 CA     0 | FEG v 1bff rel | low -3 band -1
  t   400 MDEC_CT c295 odd  MIXS2       6 | AEG a 3ff rel off 1 enabled 0 CA     0 | FEG v 1bff rel | low -3 band -1
  t   450 MDEC_CT c263 odd  MIXS2       6 | AEG a 3ff rel off 1 enabled 0 CA     0 | FEG v 1bff rel | low -3 band -1
  t   500 MDEC_CT c231 odd  MIXS2       6 | AEG a 3ff rel off 1 enabled 0 CA     0 | FEG v 1bff rel | low -3 band -1
  t   550 MDEC_CT c1ff odd  MIXS2       6 | AEG a 3ff rel off 1 enabled 0 CA     0 | FEG v 1bff rel | low -3 band -1
  t   600 MDEC_CT c1cd odd  MIXS2       6 | AEG a 3ff rel off 1 enabled 0 CA     0 | FEG v 1bff rel | low -3 band -1
  t   650 MDEC_CT c19b odd  MIXS2       6 | AEG a 3ff rel off 1 enabled 0 CA     0 | FEG v 1bff rel | low -3 band -1
  t   700 MDEC_CT c169 odd  MIXS2       6 | AEG a 3ff rel off 1 enabled 0 CA     0 | FEG v 1bff rel | low -3 band -1
  t   750 MDEC_CT c137 odd  MIXS2       6 | AEG a 3ff rel off 1 enabled 0 CA     0 | FEG v 1bff rel | low -3 band -1
  t   800 MDEC_CT c105 odd  MIXS2       6 | AEG a 3ff rel off 1 enabled 0 CA     0 | FEG v 1bff rel | low -3 band -1
  t   850 MDEC_CT c0d3 odd  MIXS2       6 | AEG a 3ff rel off 1 enabled 0 CA     0 | FEG v 1bff rel | low -3 band -1
  t   900 MDEC_CT c0a1 odd  MIXS2       6 | AEG a 3ff rel off 1 enabled 0 CA     0 | FEG v 1bff rel | low -3 band -1
  t   950 MDEC_CT c06f odd  MIXS2       6 | AEG a 3ff rel off 1 enabled 0 CA     0 | FEG v 1bff rel | low -3 band -1
  MIXS2 after the stop as RLE runs (t:value*len; t 0 = the sample after the KYONEX, MDEC_CT c425 odd):
    0:-78574*1 1:-103866*1 2:-116380*1 3:-118526*1 4:-112758*1 5:-101410*1 6:-86580*1 7:-70060*1 8:-53300*1 9:-37404*1 10:-23146*1 11:-11004*1 12:-1206*1 13:6222*1 14:11410*1 15:14594*1 16:16074*1 17:16184*1 18:15260*1 19:13616*1 20:11534*1 21:9254*1 22:6966*1 23:4816*1 24:2902*1 25:1286*1 26:-6*1 27:-976*1 28:-1644*1 29:-2042*1 30:-2214*1 31:-2206*1 32:-2062*1 33:-1826*1 34:-1534*1 35:-1220*1 36:-908*1 37:-618*1 38:-362*1 39:-146*1 40:24*1 41:150*1 42:236*1 43:286*1 44:306*1 45:302*1 46:280*1 47:246*1 48:206*1 49:162*1 50:120*1 51:80*1 52:46*1 53:18*1 54:-4*1 55:-20*1 56:-30*1 57:-36*1 58:-38*2 60:-36*1 61:-32*1 62:-26*1 63:-20*1 64:-14*1 65:-8*1 66:-4*1 67:0*1 68:2*1 69:4*1 70:6*930
landing: MIXS2 6 (low -3 band -1), slot stopped at t 255 (AEG off (release +8 past 0x3FF)), last output change at t 70
