aeg_dl0 exit 0
aeg_koff exit 0
ca_stop exit 0
cap_selftest exit 0
dsp_basic exit 0
dsp_coll exit 0
dsp_mem exit 0
dsp_mem2 exit 0
dsp_mem3 exit 0
dsp_pack exit 0
dsp_temp exit 0
dsp_unpack exit 0
dsp_wslot exit 0
eg_kprobe exit 0
eg_latch exit 0
eg_latch2 exit 0
eg_latch3 exit 0
eg_lock exit 0
eg_sched exit 0
eg_sched2 exit 0
feg_koffatt exit 0
feg_koffdir exit 0
feg_koffpass exit 0
feg_krs exit 0
feg_probe exit 0
feg_track exit 0
filt_coef exit 0
filt_cyc exit 0
filt_edges exit 0
filt_frac exit 0
filt_id exit 0
filt_id2 exit 0
filt_imp exit 0
filt_low exit 0
filt_overflow exit 0
filt_overflow_check exit 0
filt_pass exit 0
filt_probe exit 0
filt_reset exit 0
filt_top exit 0
filt_voff exit 0
filt_wide exit 0
kon_defer exit 0
kon_first exit 0
kon_probe exit 0
kon_probe2 exit 0
mixs_rd exit 0
mixs_write exit 0
probe exit 0
sgc_aeg exit 0
sgc_formats exit 0
sgc_keys exit 0
sgc_krs exit 0
sgc_level exit 0
sgc_lfo exit 0
sgc_lfo2 exit 0
sgc_loop exit 0
sgc_mix exit 0
sgc_pitch exit 0
slot_tail exit 0
timer_probe exit 0
